#coordinates
Australia
41
Adelaide 417 1289
Albany -1559 1231
Alice_springs 0 0
Brisbane 1882 415
Broken_hill 709 873
Broome -1189 -645
Cairns 1211 -791
Camarvon -2004 -34
Canberra 1524 1189
Charleville 1256 268
Coober_pedy 86 593
Darwin -328 -1237
Dubbo 1474 881
Esperance -1182 1132
Geraldton -1958 405
Halls_creek -630 -624
Hay 985 1143
Kalgoorlie -1187 729
Katherine -183 -1025
Lakes_entrance 1412 1609
Longreach 1057 -49
Mackay 1553 -316
Melbourne 1118 1570
Mount_gambier 602 1531
Mt_isa 563 -344
Newcastle 1841 979
Norseman -1162 881
Nyngan 1312 781
Perth -1827 814
Port_augusta 358 996
Port_hedland -1558 -438
Port_lincoln 169 1205
Port_macquarie 1884 849
Rockhampton 1693 -59
Sydney 1778 1079
Tamworth 1752 722
Tennant_creek 30 -445
Townsville 1318 -520
Wagga_wagga 1322 1125
Warnambool 761 1665
Wyndham -572 -932
55
Perth Albany 417.0
Perth Kalgoorlie 593.0
Perth Geraldton 424.0
Perth Port_hedland 1637.0
Albany Esperance 478.0
Kalgoorlie Norseman 187.0
Esperance Norseman 204.0
Norseman Port_augusta 1668.0
Geraldton Camarvon 479.0
Camarvon Port_hedland 872.0
Port_hedland Broome 589.0
Broome Halls_creek 685.0
Halls_creek Wyndham 370.0
Halls_creek Katherine 874.0
Wyndham Katherine 613.0
Katherine Darwin 317.0
Katherine Tennant_creek 673.0
Tennant_creek Mt_isa 663.0
Tennant_creek Alice_springs 508.0
Alice_springs Coober_pedy 688.0
Coober_pedy Port_augusta 539.0
Mt_isa Townsville 918.0
Townsville Cairns 346.0
Mt_isa Longreach 647.0
Townsville Mackay 388.0
Mackay Rockhampton 336.0
Longreach Rockhampton 687.0
Rockhampton Brisbane 616.0
Longreach Charleville 515.0
Charleville Brisbane 744.0
Charleville Nyngan 657.0
Nyngan Broken_hill 588.0
Broken_hill Port_augusta 415.0
Nyngan Dubbo 166.0
Dubbo Brisbane 860.0
Dubbo Sydney 466.0
Brisbane Tamworth 576.0
Brisbane Port_macquarie 555.0
Port_macquarie Newcastle 245.0
Tamworth Newcastle 284.0
Newcastle Sydney 159.0
Sydney Canberra 287.0
Canberra Wagga_wagga 243.0
Dubbo Wagga_wagga 400.0
Sydney Lakes_entrance 706.0
Lakes_entrance Melbourne 317.0
Wagga_wagga Melbourne 476.0
Wagga_wagga Hay 269.0
Melbourne Warnambool 269.0
Warnambool Mount_gambier 185.0
Mount_gambier Adelaide 449.0
Hay Adelaide 655.0
Port_augusta Adelaide 306.0
Melbourne Adelaide 728.0
Port_augusta Port_lincoln 341.0
